ERROR - 2021-11-16 10:06:22 --> Error connecting to the database: Access denied for user ''@'localhost' (using password: NO)
CRITICAL - 2021-11-16 10:06:22 --> Unable to connect to the database.
Main connection [MySQLi]: Access denied for user ''@'localhost' (using password: NO)
#0 C:\xampp\htdocs\asabri\vendor\codeigniter4\framework\system\Database\BaseConnection.php(577): CodeIgniter\Database\BaseConnection->initialize()
#1 C:\xampp\htdocs\asabri\vendor\codeigniter4\framework\system\Database\BaseBuilder.php(1443): CodeIgniter\Database\BaseConnection->query('SELECT 1\nFROM `...', Array, false)
#2 C:\xampp\htdocs\asabri\vendor\codeigniter4\framework\system\Validation\Rules.php(161): CodeIgniter\Database\BaseBuilder->get()
#3 C:\xampp\htdocs\asabri\vendor\codeigniter4\framework\system\Validation\Validation.php(277): CodeIgniter\Validation\Rules->is_unique('dhikanaufal@gma...', 'email', Array, NULL)
#4 C:\xampp\htdocs\asabri\vendor\codeigniter4\framework\system\Validation\Validation.php(151): CodeIgniter\Validation\Validation->processRules('email', 'email', 'dhikanaufal@gma...', Array, Array)
#5 C:\xampp\htdocs\asabri\vendor\codeigniter4\framework\system\Controller.php(160): CodeIgniter\Validation\Validation->run()
#6 C:\xampp\htdocs\asabri\app\Controllers\User.php(37): CodeIgniter\Controller->validate(Array, Array)
#7 C:\xampp\htdocs\asabri\vendor\codeigniter4\framework\system\CodeIgniter.php(824): App\Controllers\User->register()
#8 C:\xampp\htdocs\asabri\vendor\codeigniter4\framework\system\CodeIgniter.php(410): CodeIgniter\CodeIgniter->runController(Object(App\Controllers\User))
#9 C:\xampp\htdocs\asabri\vendor\codeigniter4\framework\system\CodeIgniter.php(318): CodeIgniter\CodeIgniter->handleRequest(NULL, Object(Config\Cache), false)
#10 C:\xampp\htdocs\asabri\public\index.php(37): CodeIgniter\CodeIgniter->run()
#11 C:\xampp\htdocs\asabri\vendor\codeigniter4\framework\system\Commands\Server\rewrite.php(43): require_once('C:\\xampp\\htdocs...')
#12 {main}
ERROR - 2021-11-16 10:06:39 --> Error connecting to the database: Access denied for user ''@'localhost' (using password: NO)
CRITICAL - 2021-11-16 10:06:39 --> Unable to connect to the database.
Main connection [MySQLi]: Access denied for user ''@'localhost' (using password: NO)
#0 C:\xampp\htdocs\asabri\vendor\codeigniter4\framework\system\Database\BaseConnection.php(577): CodeIgniter\Database\BaseConnection->initialize()
#1 C:\xampp\htdocs\asabri\vendor\codeigniter4\framework\system\Database\BaseBuilder.php(1443): CodeIgniter\Database\BaseConnection->query('SELECT 1\nFROM `...', Array, false)
#2 C:\xampp\htdocs\asabri\vendor\codeigniter4\framework\system\Validation\Rules.php(161): CodeIgniter\Database\BaseBuilder->get()
#3 C:\xampp\htdocs\asabri\vendor\codeigniter4\framework\system\Validation\Validation.php(277): CodeIgniter\Validation\Rules->is_unique('dhikanaufal@gma...', 'email', Array, NULL)
#4 C:\xampp\htdocs\asabri\vendor\codeigniter4\framework\system\Validation\Validation.php(151): CodeIgniter\Validation\Validation->processRules('email', 'email', 'dhikanaufal@gma...', Array, Array)
#5 C:\xampp\htdocs\asabri\vendor\codeigniter4\framework\system\Controller.php(160): CodeIgniter\Validation\Validation->run()
#6 C:\xampp\htdocs\asabri\app\Controllers\User.php(37): CodeIgniter\Controller->validate(Array, Array)
#7 C:\xampp\htdocs\asabri\vendor\codeigniter4\framework\system\CodeIgniter.php(824): App\Controllers\User->register()
#8 C:\xampp\htdocs\asabri\vendor\codeigniter4\framework\system\CodeIgniter.php(410): CodeIgniter\CodeIgniter->runController(Object(App\Controllers\User))
#9 C:\xampp\htdocs\asabri\vendor\codeigniter4\framework\system\CodeIgniter.php(318): CodeIgniter\CodeIgniter->handleRequest(NULL, Object(Config\Cache), false)
#10 C:\xampp\htdocs\asabri\public\index.php(37): CodeIgniter\CodeIgniter->run()
#11 C:\xampp\htdocs\asabri\vendor\codeigniter4\framework\system\Commands\Server\rewrite.php(43): require_once('C:\\xampp\\htdocs...')
#12 {main}
ERROR - 2021-11-16 10:09:42 --> Error connecting to the database: Access denied for user ''@'localhost' (using password: NO)
CRITICAL - 2021-11-16 10:09:42 --> Unable to connect to the database.
Main connection [MySQLi]: Access denied for user ''@'localhost' (using password: NO)
#0 C:\xampp\htdocs\asabri\vendor\codeigniter4\framework\system\Database\BaseConnection.php(577): CodeIgniter\Database\BaseConnection->initialize()
#1 C:\xampp\htdocs\asabri\vendor\codeigniter4\framework\system\Database\BaseBuilder.php(1443): CodeIgniter\Database\BaseConnection->query('SELECT 1\nFROM `...', Array, false)
#2 C:\xampp\htdocs\asabri\vendor\codeigniter4\framework\system\Validation\Rules.php(161): CodeIgniter\Database\BaseBuilder->get()
#3 C:\xampp\htdocs\asabri\vendor\codeigniter4\framework\system\Validation\Validation.php(277): CodeIgniter\Validation\Rules->is_unique('dhikanaufal@gma...', 'email', Array, NULL)
#4 C:\xampp\htdocs\asabri\vendor\codeigniter4\framework\system\Validation\Validation.php(151): CodeIgniter\Validation\Validation->processRules('email', 'email', 'dhikanaufal@gma...', Array, Array)
#5 C:\xampp\htdocs\asabri\vendor\codeigniter4\framework\system\Controller.php(160): CodeIgniter\Validation\Validation->run()
#6 C:\xampp\htdocs\asabri\app\Controllers\User.php(37): CodeIgniter\Controller->validate(Array, Array)
#7 C:\xampp\htdocs\asabri\vendor\codeigniter4\framework\system\CodeIgniter.php(824): App\Controllers\User->register()
#8 C:\xampp\htdocs\asabri\vendor\codeigniter4\framework\system\CodeIgniter.php(410): CodeIgniter\CodeIgniter->runController(Object(App\Controllers\User))
#9 C:\xampp\htdocs\asabri\vendor\codeigniter4\framework\system\CodeIgniter.php(318): CodeIgniter\CodeIgniter->handleRequest(NULL, Object(Config\Cache), false)
#10 C:\xampp\htdocs\asabri\public\index.php(37): CodeIgniter\CodeIgniter->run()
#11 C:\xampp\htdocs\asabri\vendor\codeigniter4\framework\system\Commands\Server\rewrite.php(43): require_once('C:\\xampp\\htdocs...')
#12 {main}
ERROR - 2021-11-16 10:10:07 --> Error connecting to the database: Access denied for user ''@'localhost' (using password: NO)
CRITICAL - 2021-11-16 10:10:07 --> Unable to connect to the database.
Main connection [MySQLi]: Access denied for user ''@'localhost' (using password: NO)
#0 C:\xampp\htdocs\asabri\vendor\codeigniter4\framework\system\Database\BaseConnection.php(577): CodeIgniter\Database\BaseConnection->initialize()
#1 C:\xampp\htdocs\asabri\vendor\codeigniter4\framework\system\Database\BaseBuilder.php(1443): CodeIgniter\Database\BaseConnection->query('SELECT 1\nFROM `...', Array, false)
#2 C:\xampp\htdocs\asabri\vendor\codeigniter4\framework\system\Validation\Rules.php(161): CodeIgniter\Database\BaseBuilder->get()
#3 C:\xampp\htdocs\asabri\vendor\codeigniter4\framework\system\Validation\Validation.php(277): CodeIgniter\Validation\Rules->is_unique('dhikanaufal@gma...', 'email', Array, NULL)
#4 C:\xampp\htdocs\asabri\vendor\codeigniter4\framework\system\Validation\Validation.php(151): CodeIgniter\Validation\Validation->processRules('email', 'email', 'dhikanaufal@gma...', Array, Array)
#5 C:\xampp\htdocs\asabri\vendor\codeigniter4\framework\system\Controller.php(160): CodeIgniter\Validation\Validation->run()
#6 C:\xampp\htdocs\asabri\app\Controllers\User.php(37): CodeIgniter\Controller->validate(Array, Array)
#7 C:\xampp\htdocs\asabri\vendor\codeigniter4\framework\system\CodeIgniter.php(824): App\Controllers\User->register()
#8 C:\xampp\htdocs\asabri\vendor\codeigniter4\framework\system\CodeIgniter.php(410): CodeIgniter\CodeIgniter->runController(Object(App\Controllers\User))
#9 C:\xampp\htdocs\asabri\vendor\codeigniter4\framework\system\CodeIgniter.php(318): CodeIgniter\CodeIgniter->handleRequest(NULL, Object(Config\Cache), false)
#10 C:\xampp\htdocs\asabri\public\index.php(37): CodeIgniter\CodeIgniter->run()
#11 C:\xampp\htdocs\asabri\vendor\codeigniter4\framework\system\Commands\Server\rewrite.php(43): require_once('C:\\xampp\\htdocs...')
#12 {main}
ERROR - 2021-11-16 10:10:15 --> Error connecting to the database: Access denied for user ''@'localhost' (using password: NO)
CRITICAL - 2021-11-16 10:10:15 --> Unable to connect to the database.
Main connection [MySQLi]: Access denied for user ''@'localhost' (using password: NO)
#0 C:\xampp\htdocs\asabri\vendor\codeigniter4\framework\system\Database\BaseConnection.php(577): CodeIgniter\Database\BaseConnection->initialize()
#1 C:\xampp\htdocs\asabri\vendor\codeigniter4\framework\system\Database\BaseBuilder.php(1443): CodeIgniter\Database\BaseConnection->query('SELECT 1\nFROM `...', Array, false)
#2 C:\xampp\htdocs\asabri\vendor\codeigniter4\framework\system\Validation\Rules.php(161): CodeIgniter\Database\BaseBuilder->get()
#3 C:\xampp\htdocs\asabri\vendor\codeigniter4\framework\system\Validation\Validation.php(277): CodeIgniter\Validation\Rules->is_unique('dhikanaufal@gma...', 'email', Array, NULL)
#4 C:\xampp\htdocs\asabri\vendor\codeigniter4\framework\system\Validation\Validation.php(151): CodeIgniter\Validation\Validation->processRules('email', 'email', 'dhikanaufal@gma...', Array, Array)
#5 C:\xampp\htdocs\asabri\vendor\codeigniter4\framework\system\Controller.php(160): CodeIgniter\Validation\Validation->run()
#6 C:\xampp\htdocs\asabri\app\Controllers\User.php(37): CodeIgniter\Controller->validate(Array, Array)
#7 C:\xampp\htdocs\asabri\vendor\codeigniter4\framework\system\CodeIgniter.php(824): App\Controllers\User->register()
#8 C:\xampp\htdocs\asabri\vendor\codeigniter4\framework\system\CodeIgniter.php(410): CodeIgniter\CodeIgniter->runController(Object(App\Controllers\User))
#9 C:\xampp\htdocs\asabri\vendor\codeigniter4\framework\system\CodeIgniter.php(318): CodeIgniter\CodeIgniter->handleRequest(NULL, Object(Config\Cache), false)
#10 C:\xampp\htdocs\asabri\public\index.php(37): CodeIgniter\CodeIgniter->run()
#11 C:\xampp\htdocs\asabri\vendor\codeigniter4\framework\system\Commands\Server\rewrite.php(43): require_once('C:\\xampp\\htdocs...')
#12 {main}
ERROR - 2021-11-16 10:10:37 --> Error connecting to the database: Access denied for user ''@'localhost' (using password: NO)
CRITICAL - 2021-11-16 10:10:37 --> Unable to connect to the database.
Main connection [MySQLi]: Access denied for user ''@'localhost' (using password: NO)
#0 C:\xampp\htdocs\asabri\vendor\codeigniter4\framework\system\Database\BaseConnection.php(577): CodeIgniter\Database\BaseConnection->initialize()
#1 C:\xampp\htdocs\asabri\vendor\codeigniter4\framework\system\Database\BaseBuilder.php(1443): CodeIgniter\Database\BaseConnection->query('SELECT 1\nFROM `...', Array, false)
#2 C:\xampp\htdocs\asabri\vendor\codeigniter4\framework\system\Validation\Rules.php(161): CodeIgniter\Database\BaseBuilder->get()
#3 C:\xampp\htdocs\asabri\vendor\codeigniter4\framework\system\Validation\Validation.php(277): CodeIgniter\Validation\Rules->is_unique('dhikanaufal@gma...', 'email', Array, NULL)
#4 C:\xampp\htdocs\asabri\vendor\codeigniter4\framework\system\Validation\Validation.php(151): CodeIgniter\Validation\Validation->processRules('email', 'email', 'dhikanaufal@gma...', Array, Array)
#5 C:\xampp\htdocs\asabri\vendor\codeigniter4\framework\system\Controller.php(160): CodeIgniter\Validation\Validation->run()
#6 C:\xampp\htdocs\asabri\app\Controllers\User.php(37): CodeIgniter\Controller->validate(Array, Array)
#7 C:\xampp\htdocs\asabri\vendor\codeigniter4\framework\system\CodeIgniter.php(824): App\Controllers\User->register()
#8 C:\xampp\htdocs\asabri\vendor\codeigniter4\framework\system\CodeIgniter.php(410): CodeIgniter\CodeIgniter->runController(Object(App\Controllers\User))
#9 C:\xampp\htdocs\asabri\vendor\codeigniter4\framework\system\CodeIgniter.php(318): CodeIgniter\CodeIgniter->handleRequest(NULL, Object(Config\Cache), false)
#10 C:\xampp\htdocs\asabri\public\index.php(37): CodeIgniter\CodeIgniter->run()
#11 C:\xampp\htdocs\asabri\vendor\codeigniter4\framework\system\Commands\Server\rewrite.php(43): require_once('C:\\xampp\\htdocs...')
#12 {main}
ERROR - 2021-11-16 10:10:54 --> Error connecting to the database: Access denied for user ''@'localhost' (using password: NO)
CRITICAL - 2021-11-16 10:10:54 --> Unable to connect to the database.
Main connection [MySQLi]: Access denied for user ''@'localhost' (using password: NO)
#0 C:\xampp\htdocs\asabri\vendor\codeigniter4\framework\system\Database\BaseConnection.php(577): CodeIgniter\Database\BaseConnection->initialize()
#1 C:\xampp\htdocs\asabri\vendor\codeigniter4\framework\system\Database\BaseBuilder.php(1443): CodeIgniter\Database\BaseConnection->query('SELECT 1\nFROM `...', Array, false)
#2 C:\xampp\htdocs\asabri\vendor\codeigniter4\framework\system\Validation\Rules.php(161): CodeIgniter\Database\BaseBuilder->get()
#3 C:\xampp\htdocs\asabri\vendor\codeigniter4\framework\system\Validation\Validation.php(277): CodeIgniter\Validation\Rules->is_unique('dhikanaufal@gma...', 'email', Array, NULL)
#4 C:\xampp\htdocs\asabri\vendor\codeigniter4\framework\system\Validation\Validation.php(151): CodeIgniter\Validation\Validation->processRules('email', 'email', 'dhikanaufal@gma...', Array, Array)
#5 C:\xampp\htdocs\asabri\vendor\codeigniter4\framework\system\Controller.php(160): CodeIgniter\Validation\Validation->run()
#6 C:\xampp\htdocs\asabri\app\Controllers\User.php(37): CodeIgniter\Controller->validate(Array, Array)
#7 C:\xampp\htdocs\asabri\vendor\codeigniter4\framework\system\CodeIgniter.php(824): App\Controllers\User->register()
#8 C:\xampp\htdocs\asabri\vendor\codeigniter4\framework\system\CodeIgniter.php(410): CodeIgniter\CodeIgniter->runController(Object(App\Controllers\User))
#9 C:\xampp\htdocs\asabri\vendor\codeigniter4\framework\system\CodeIgniter.php(318): CodeIgniter\CodeIgniter->handleRequest(NULL, Object(Config\Cache), false)
#10 C:\xampp\htdocs\asabri\public\index.php(37): CodeIgniter\CodeIgniter->run()
#11 C:\xampp\htdocs\asabri\vendor\codeigniter4\framework\system\Commands\Server\rewrite.php(43): require_once('C:\\xampp\\htdocs...')
#12 {main}
ERROR - 2021-11-16 10:11:00 --> Error connecting to the database: Access denied for user ''@'localhost' (using password: NO)
CRITICAL - 2021-11-16 10:11:00 --> Unable to connect to the database.
Main connection [MySQLi]: Access denied for user ''@'localhost' (using password: NO)
#0 C:\xampp\htdocs\asabri\vendor\codeigniter4\framework\system\Database\BaseConnection.php(577): CodeIgniter\Database\BaseConnection->initialize()
#1 C:\xampp\htdocs\asabri\vendor\codeigniter4\framework\system\Database\BaseBuilder.php(1443): CodeIgniter\Database\BaseConnection->query('SELECT 1\nFROM `...', Array, false)
#2 C:\xampp\htdocs\asabri\vendor\codeigniter4\framework\system\Validation\Rules.php(161): CodeIgniter\Database\BaseBuilder->get()
#3 C:\xampp\htdocs\asabri\vendor\codeigniter4\framework\system\Validation\Validation.php(277): CodeIgniter\Validation\Rules->is_unique('dhikanaufal@gma...', 'email', Array, NULL)
#4 C:\xampp\htdocs\asabri\vendor\codeigniter4\framework\system\Validation\Validation.php(151): CodeIgniter\Validation\Validation->processRules('email', 'email', 'dhikanaufal@gma...', Array, Array)
#5 C:\xampp\htdocs\asabri\vendor\codeigniter4\framework\system\Controller.php(160): CodeIgniter\Validation\Validation->run()
#6 C:\xampp\htdocs\asabri\app\Controllers\User.php(37): CodeIgniter\Controller->validate(Array, Array)
#7 C:\xampp\htdocs\asabri\vendor\codeigniter4\framework\system\CodeIgniter.php(824): App\Controllers\User->register()
#8 C:\xampp\htdocs\asabri\vendor\codeigniter4\framework\system\CodeIgniter.php(410): CodeIgniter\CodeIgniter->runController(Object(App\Controllers\User))
#9 C:\xampp\htdocs\asabri\vendor\codeigniter4\framework\system\CodeIgniter.php(318): CodeIgniter\CodeIgniter->handleRequest(NULL, Object(Config\Cache), false)
#10 C:\xampp\htdocs\asabri\public\index.php(37): CodeIgniter\CodeIgniter->run()
#11 C:\xampp\htdocs\asabri\vendor\codeigniter4\framework\system\Commands\Server\rewrite.php(43): require_once('C:\\xampp\\htdocs...')
#12 {main}
ERROR - 2021-11-16 10:12:44 --> Error connecting to the database: Access denied for user ''@'localhost' (using password: NO)
CRITICAL - 2021-11-16 10:12:44 --> Unable to connect to the database.
Main connection [MySQLi]: Access denied for user ''@'localhost' (using password: NO)
#0 C:\xampp\htdocs\asabri\vendor\codeigniter4\framework\system\Database\BaseConnection.php(577): CodeIgniter\Database\BaseConnection->initialize()
#1 C:\xampp\htdocs\asabri\vendor\codeigniter4\framework\system\Database\BaseBuilder.php(1443): CodeIgniter\Database\BaseConnection->query('SELECT 1\nFROM `...', Array, false)
#2 C:\xampp\htdocs\asabri\vendor\codeigniter4\framework\system\Validation\Rules.php(161): CodeIgniter\Database\BaseBuilder->get()
#3 C:\xampp\htdocs\asabri\vendor\codeigniter4\framework\system\Validation\Validation.php(277): CodeIgniter\Validation\Rules->is_unique('dhikanaufal@gma...', 'email', Array, NULL)
#4 C:\xampp\htdocs\asabri\vendor\codeigniter4\framework\system\Validation\Validation.php(151): CodeIgniter\Validation\Validation->processRules('email', 'email', 'dhikanaufal@gma...', Array, Array)
#5 C:\xampp\htdocs\asabri\vendor\codeigniter4\framework\system\Controller.php(160): CodeIgniter\Validation\Validation->run()
#6 C:\xampp\htdocs\asabri\app\Controllers\User.php(37): CodeIgniter\Controller->validate(Array, Array)
#7 C:\xampp\htdocs\asabri\vendor\codeigniter4\framework\system\CodeIgniter.php(824): App\Controllers\User->register()
#8 C:\xampp\htdocs\asabri\vendor\codeigniter4\framework\system\CodeIgniter.php(410): CodeIgniter\CodeIgniter->runController(Object(App\Controllers\User))
#9 C:\xampp\htdocs\asabri\vendor\codeigniter4\framework\system\CodeIgniter.php(318): CodeIgniter\CodeIgniter->handleRequest(NULL, Object(Config\Cache), false)
#10 C:\xampp\htdocs\asabri\public\index.php(37): CodeIgniter\CodeIgniter->run()
#11 C:\xampp\htdocs\asabri\vendor\codeigniter4\framework\system\Commands\Server\rewrite.php(43): require_once('C:\\xampp\\htdocs...')
#12 {main}
ERROR - 2021-11-16 10:12:53 --> Error connecting to the database: Access denied for user ''@'localhost' (using password: NO)
CRITICAL - 2021-11-16 10:12:53 --> Unable to connect to the database.
Main connection [MySQLi]: Access denied for user ''@'localhost' (using password: NO)
#0 C:\xampp\htdocs\asabri\vendor\codeigniter4\framework\system\Database\BaseConnection.php(577): CodeIgniter\Database\BaseConnection->initialize()
#1 C:\xampp\htdocs\asabri\vendor\codeigniter4\framework\system\Database\BaseBuilder.php(1443): CodeIgniter\Database\BaseConnection->query('SELECT 1\nFROM `...', Array, false)
#2 C:\xampp\htdocs\asabri\vendor\codeigniter4\framework\system\Validation\Rules.php(161): CodeIgniter\Database\BaseBuilder->get()
#3 C:\xampp\htdocs\asabri\vendor\codeigniter4\framework\system\Validation\Validation.php(277): CodeIgniter\Validation\Rules->is_unique('dhikanaufal@gma...', 'email', Array, NULL)
#4 C:\xampp\htdocs\asabri\vendor\codeigniter4\framework\system\Validation\Validation.php(151): CodeIgniter\Validation\Validation->processRules('email', 'email', 'dhikanaufal@gma...', Array, Array)
#5 C:\xampp\htdocs\asabri\vendor\codeigniter4\framework\system\Controller.php(160): CodeIgniter\Validation\Validation->run()
#6 C:\xampp\htdocs\asabri\app\Controllers\User.php(37): CodeIgniter\Controller->validate(Array, Array)
#7 C:\xampp\htdocs\asabri\vendor\codeigniter4\framework\system\CodeIgniter.php(824): App\Controllers\User->register()
#8 C:\xampp\htdocs\asabri\vendor\codeigniter4\framework\system\CodeIgniter.php(410): CodeIgniter\CodeIgniter->runController(Object(App\Controllers\User))
#9 C:\xampp\htdocs\asabri\vendor\codeigniter4\framework\system\CodeIgniter.php(318): CodeIgniter\CodeIgniter->handleRequest(NULL, Object(Config\Cache), false)
#10 C:\xampp\htdocs\asabri\public\index.php(37): CodeIgniter\CodeIgniter->run()
#11 C:\xampp\htdocs\asabri\vendor\codeigniter4\framework\system\Commands\Server\rewrite.php(43): require_once('C:\\xampp\\htdocs...')
#12 {main}
ERROR - 2021-11-16 10:13:15 --> Error connecting to the database: Access denied for user ''@'localhost' (using password: NO)
CRITICAL - 2021-11-16 10:13:15 --> Unable to connect to the database.
Main connection [MySQLi]: Access denied for user ''@'localhost' (using password: NO)
#0 C:\xampp\htdocs\asabri\vendor\codeigniter4\framework\system\Database\BaseConnection.php(577): CodeIgniter\Database\BaseConnection->initialize()
#1 C:\xampp\htdocs\asabri\vendor\codeigniter4\framework\system\Database\BaseBuilder.php(1443): CodeIgniter\Database\BaseConnection->query('SELECT 1\nFROM `...', Array, false)
#2 C:\xampp\htdocs\asabri\vendor\codeigniter4\framework\system\Validation\Rules.php(161): CodeIgniter\Database\BaseBuilder->get()
#3 C:\xampp\htdocs\asabri\vendor\codeigniter4\framework\system\Validation\Validation.php(277): CodeIgniter\Validation\Rules->is_unique('dhikanaufal@gma...', 'email', Array, NULL)
#4 C:\xampp\htdocs\asabri\vendor\codeigniter4\framework\system\Validation\Validation.php(151): CodeIgniter\Validation\Validation->processRules('email', 'email', 'dhikanaufal@gma...', Array, Array)
#5 C:\xampp\htdocs\asabri\vendor\codeigniter4\framework\system\Controller.php(160): CodeIgniter\Validation\Validation->run()
#6 C:\xampp\htdocs\asabri\app\Controllers\User.php(37): CodeIgniter\Controller->validate(Array, Array)
#7 C:\xampp\htdocs\asabri\vendor\codeigniter4\framework\system\CodeIgniter.php(824): App\Controllers\User->register()
#8 C:\xampp\htdocs\asabri\vendor\codeigniter4\framework\system\CodeIgniter.php(410): CodeIgniter\CodeIgniter->runController(Object(App\Controllers\User))
#9 C:\xampp\htdocs\asabri\vendor\codeigniter4\framework\system\CodeIgniter.php(318): CodeIgniter\CodeIgniter->handleRequest(NULL, Object(Config\Cache), false)
#10 C:\xampp\htdocs\asabri\public\index.php(37): CodeIgniter\CodeIgniter->run()
#11 C:\xampp\htdocs\asabri\vendor\codeigniter4\framework\system\Commands\Server\rewrite.php(43): require_once('C:\\xampp\\htdocs...')
#12 {main}
ERROR - 2021-11-16 10:13:41 --> Error connecting to the database: Access denied for user ''@'localhost' (using password: NO)
CRITICAL - 2021-11-16 10:13:41 --> Unable to connect to the database.
Main connection [MySQLi]: Access denied for user ''@'localhost' (using password: NO)
#0 C:\xampp\htdocs\asabri\vendor\codeigniter4\framework\system\Database\BaseConnection.php(577): CodeIgniter\Database\BaseConnection->initialize()
#1 C:\xampp\htdocs\asabri\vendor\codeigniter4\framework\system\Database\BaseBuilder.php(1443): CodeIgniter\Database\BaseConnection->query('SELECT 1\nFROM `...', Array, false)
#2 C:\xampp\htdocs\asabri\vendor\codeigniter4\framework\system\Validation\Rules.php(161): CodeIgniter\Database\BaseBuilder->get()
#3 C:\xampp\htdocs\asabri\vendor\codeigniter4\framework\system\Validation\Validation.php(277): CodeIgniter\Validation\Rules->is_unique('dhikanaufal@gma...', 'email', Array, NULL)
#4 C:\xampp\htdocs\asabri\vendor\codeigniter4\framework\system\Validation\Validation.php(151): CodeIgniter\Validation\Validation->processRules('email', 'email', 'dhikanaufal@gma...', Array, Array)
#5 C:\xampp\htdocs\asabri\vendor\codeigniter4\framework\system\Controller.php(160): CodeIgniter\Validation\Validation->run()
#6 C:\xampp\htdocs\asabri\app\Controllers\User.php(37): CodeIgniter\Controller->validate(Array, Array)
#7 C:\xampp\htdocs\asabri\vendor\codeigniter4\framework\system\CodeIgniter.php(824): App\Controllers\User->register()
#8 C:\xampp\htdocs\asabri\vendor\codeigniter4\framework\system\CodeIgniter.php(410): CodeIgniter\CodeIgniter->runController(Object(App\Controllers\User))
#9 C:\xampp\htdocs\asabri\vendor\codeigniter4\framework\system\CodeIgniter.php(318): CodeIgniter\CodeIgniter->handleRequest(NULL, Object(Config\Cache), false)
#10 C:\xampp\htdocs\asabri\public\index.php(37): CodeIgniter\CodeIgniter->run()
#11 C:\xampp\htdocs\asabri\vendor\codeigniter4\framework\system\Commands\Server\rewrite.php(43): require_once('C:\\xampp\\htdocs...')
#12 {main}
ERROR - 2021-11-16 10:15:38 --> Error connecting to the database: Access denied for user ''@'localhost' (using password: NO)
CRITICAL - 2021-11-16 10:15:38 --> Unable to connect to the database.
Main connection [MySQLi]: Access denied for user ''@'localhost' (using password: NO)
#0 C:\xampp\htdocs\asabri\vendor\codeigniter4\framework\system\Database\BaseConnection.php(577): CodeIgniter\Database\BaseConnection->initialize()
#1 C:\xampp\htdocs\asabri\vendor\codeigniter4\framework\system\Database\BaseBuilder.php(1443): CodeIgniter\Database\BaseConnection->query('SELECT 1\nFROM `...', Array, false)
#2 C:\xampp\htdocs\asabri\vendor\codeigniter4\framework\system\Validation\Rules.php(161): CodeIgniter\Database\BaseBuilder->get()
#3 C:\xampp\htdocs\asabri\vendor\codeigniter4\framework\system\Validation\Validation.php(277): CodeIgniter\Validation\Rules->is_unique('dhikanaufal@gma...', 'email', Array, NULL)
#4 C:\xampp\htdocs\asabri\vendor\codeigniter4\framework\system\Validation\Validation.php(151): CodeIgniter\Validation\Validation->processRules('email', 'email', 'dhikanaufal@gma...', Array, Array)
#5 C:\xampp\htdocs\asabri\vendor\codeigniter4\framework\system\Controller.php(160): CodeIgniter\Validation\Validation->run()
#6 C:\xampp\htdocs\asabri\app\Controllers\User.php(37): CodeIgniter\Controller->validate(Array, Array)
#7 C:\xampp\htdocs\asabri\vendor\codeigniter4\framework\system\CodeIgniter.php(824): App\Controllers\User->register()
#8 C:\xampp\htdocs\asabri\vendor\codeigniter4\framework\system\CodeIgniter.php(410): CodeIgniter\CodeIgniter->runController(Object(App\Controllers\User))
#9 C:\xampp\htdocs\asabri\vendor\codeigniter4\framework\system\CodeIgniter.php(318): CodeIgniter\CodeIgniter->handleRequest(NULL, Object(Config\Cache), false)
#10 C:\xampp\htdocs\asabri\public\index.php(37): CodeIgniter\CodeIgniter->run()
#11 C:\xampp\htdocs\asabri\vendor\codeigniter4\framework\system\Commands\Server\rewrite.php(43): require_once('C:\\xampp\\htdocs...')
#12 {main}
ERROR - 2021-11-16 10:16:01 --> Error connecting to the database: Access denied for user ''@'localhost' (using password: NO)
CRITICAL - 2021-11-16 10:16:01 --> Unable to connect to the database.
Main connection [MySQLi]: Access denied for user ''@'localhost' (using password: NO)
#0 C:\xampp\htdocs\asabri\vendor\codeigniter4\framework\system\Database\BaseConnection.php(577): CodeIgniter\Database\BaseConnection->initialize()
#1 C:\xampp\htdocs\asabri\vendor\codeigniter4\framework\system\Database\BaseBuilder.php(1443): CodeIgniter\Database\BaseConnection->query('SELECT 1\nFROM `...', Array, false)
#2 C:\xampp\htdocs\asabri\vendor\codeigniter4\framework\system\Validation\Rules.php(161): CodeIgniter\Database\BaseBuilder->get()
#3 C:\xampp\htdocs\asabri\vendor\codeigniter4\framework\system\Validation\Validation.php(277): CodeIgniter\Validation\Rules->is_unique('dhikanaufal@gma...', 'email', Array, NULL)
#4 C:\xampp\htdocs\asabri\vendor\codeigniter4\framework\system\Validation\Validation.php(151): CodeIgniter\Validation\Validation->processRules('email', 'email', 'dhikanaufal@gma...', Array, Array)
#5 C:\xampp\htdocs\asabri\vendor\codeigniter4\framework\system\Controller.php(160): CodeIgniter\Validation\Validation->run()
#6 C:\xampp\htdocs\asabri\app\Controllers\User.php(37): CodeIgniter\Controller->validate(Array, Array)
#7 C:\xampp\htdocs\asabri\vendor\codeigniter4\framework\system\CodeIgniter.php(824): App\Controllers\User->register()
#8 C:\xampp\htdocs\asabri\vendor\codeigniter4\framework\system\CodeIgniter.php(410): CodeIgniter\CodeIgniter->runController(Object(App\Controllers\User))
#9 C:\xampp\htdocs\asabri\vendor\codeigniter4\framework\system\CodeIgniter.php(318): CodeIgniter\CodeIgniter->handleRequest(NULL, Object(Config\Cache), false)
#10 C:\xampp\htdocs\asabri\public\index.php(37): CodeIgniter\CodeIgniter->run()
#11 C:\xampp\htdocs\asabri\vendor\codeigniter4\framework\system\Commands\Server\rewrite.php(43): require_once('C:\\xampp\\htdocs...')
#12 {main}
ERROR - 2021-11-16 10:16:04 --> Error connecting to the database: Access denied for user ''@'localhost' (using password: NO)
CRITICAL - 2021-11-16 10:16:04 --> Unable to connect to the database.
Main connection [MySQLi]: Access denied for user ''@'localhost' (using password: NO)
#0 C:\xampp\htdocs\asabri\vendor\codeigniter4\framework\system\Database\BaseConnection.php(577): CodeIgniter\Database\BaseConnection->initialize()
#1 C:\xampp\htdocs\asabri\vendor\codeigniter4\framework\system\Database\BaseBuilder.php(1443): CodeIgniter\Database\BaseConnection->query('SELECT 1\nFROM `...', Array, false)
#2 C:\xampp\htdocs\asabri\vendor\codeigniter4\framework\system\Validation\Rules.php(161): CodeIgniter\Database\BaseBuilder->get()
#3 C:\xampp\htdocs\asabri\vendor\codeigniter4\framework\system\Validation\Validation.php(277): CodeIgniter\Validation\Rules->is_unique('dhikanaufal@gma...', 'email', Array, NULL)
#4 C:\xampp\htdocs\asabri\vendor\codeigniter4\framework\system\Validation\Validation.php(151): CodeIgniter\Validation\Validation->processRules('email', 'email', 'dhikanaufal@gma...', Array, Array)
#5 C:\xampp\htdocs\asabri\vendor\codeigniter4\framework\system\Controller.php(160): CodeIgniter\Validation\Validation->run()
#6 C:\xampp\htdocs\asabri\app\Controllers\User.php(37): CodeIgniter\Controller->validate(Array, Array)
#7 C:\xampp\htdocs\asabri\vendor\codeigniter4\framework\system\CodeIgniter.php(824): App\Controllers\User->register()
#8 C:\xampp\htdocs\asabri\vendor\codeigniter4\framework\system\CodeIgniter.php(410): CodeIgniter\CodeIgniter->runController(Object(App\Controllers\User))
#9 C:\xampp\htdocs\asabri\vendor\codeigniter4\framework\system\CodeIgniter.php(318): CodeIgniter\CodeIgniter->handleRequest(NULL, Object(Config\Cache), false)
#10 C:\xampp\htdocs\asabri\public\index.php(37): CodeIgniter\CodeIgniter->run()
#11 C:\xampp\htdocs\asabri\vendor\codeigniter4\framework\system\Commands\Server\rewrite.php(43): require_once('C:\\xampp\\htdocs...')
#12 {main}
ERROR - 2021-11-16 10:18:12 --> Error connecting to the database: Access denied for user ''@'localhost' (using password: NO)
CRITICAL - 2021-11-16 10:18:12 --> Unable to connect to the database.
Main connection [MySQLi]: Access denied for user ''@'localhost' (using password: NO)
#0 C:\xampp\htdocs\asabri\vendor\codeigniter4\framework\system\Database\BaseConnection.php(577): CodeIgniter\Database\BaseConnection->initialize()
#1 C:\xampp\htdocs\asabri\vendor\codeigniter4\framework\system\Database\BaseBuilder.php(1443): CodeIgniter\Database\BaseConnection->query('SELECT 1\nFROM `...', Array, false)
#2 C:\xampp\htdocs\asabri\vendor\codeigniter4\framework\system\Validation\Rules.php(161): CodeIgniter\Database\BaseBuilder->get()
#3 C:\xampp\htdocs\asabri\vendor\codeigniter4\framework\system\Validation\Validation.php(277): CodeIgniter\Validation\Rules->is_unique('dhikanaufal@gma...', 'email', Array, NULL)
#4 C:\xampp\htdocs\asabri\vendor\codeigniter4\framework\system\Validation\Validation.php(151): CodeIgniter\Validation\Validation->processRules('email', 'email', 'dhikanaufal@gma...', Array, Array)
#5 C:\xampp\htdocs\asabri\vendor\codeigniter4\framework\system\Controller.php(160): CodeIgniter\Validation\Validation->run()
#6 C:\xampp\htdocs\asabri\app\Controllers\User.php(37): CodeIgniter\Controller->validate(Array, Array)
#7 C:\xampp\htdocs\asabri\vendor\codeigniter4\framework\system\CodeIgniter.php(824): App\Controllers\User->register()
#8 C:\xampp\htdocs\asabri\vendor\codeigniter4\framework\system\CodeIgniter.php(410): CodeIgniter\CodeIgniter->runController(Object(App\Controllers\User))
#9 C:\xampp\htdocs\asabri\vendor\codeigniter4\framework\system\CodeIgniter.php(318): CodeIgniter\CodeIgniter->handleRequest(NULL, Object(Config\Cache), false)
#10 C:\xampp\htdocs\asabri\public\index.php(37): CodeIgniter\CodeIgniter->run()
#11 C:\xampp\htdocs\asabri\vendor\codeigniter4\framework\system\Commands\Server\rewrite.php(43): require_once('C:\\xampp\\htdocs...')
#12 {main}
ERROR - 2021-11-16 10:18:47 --> Error connecting to the database: Access denied for user ''@'localhost' (using password: NO)
CRITICAL - 2021-11-16 10:18:47 --> Unable to connect to the database.
Main connection [MySQLi]: Access denied for user ''@'localhost' (using password: NO)
#0 C:\xampp\htdocs\asabri\vendor\codeigniter4\framework\system\Database\BaseConnection.php(577): CodeIgniter\Database\BaseConnection->initialize()
#1 C:\xampp\htdocs\asabri\vendor\codeigniter4\framework\system\Database\BaseBuilder.php(1443): CodeIgniter\Database\BaseConnection->query('SELECT 1\nFROM `...', Array, false)
#2 C:\xampp\htdocs\asabri\vendor\codeigniter4\framework\system\Validation\Rules.php(161): CodeIgniter\Database\BaseBuilder->get()
#3 C:\xampp\htdocs\asabri\vendor\codeigniter4\framework\system\Validation\Validation.php(277): CodeIgniter\Validation\Rules->is_unique('dhikanaufal@gma...', 'email', Array, NULL)
#4 C:\xampp\htdocs\asabri\vendor\codeigniter4\framework\system\Validation\Validation.php(151): CodeIgniter\Validation\Validation->processRules('email', 'email', 'dhikanaufal@gma...', Array, Array)
#5 C:\xampp\htdocs\asabri\vendor\codeigniter4\framework\system\Controller.php(160): CodeIgniter\Validation\Validation->run()
#6 C:\xampp\htdocs\asabri\app\Controllers\User.php(37): CodeIgniter\Controller->validate(Array, Array)
#7 C:\xampp\htdocs\asabri\vendor\codeigniter4\framework\system\CodeIgniter.php(824): App\Controllers\User->register()
#8 C:\xampp\htdocs\asabri\vendor\codeigniter4\framework\system\CodeIgniter.php(410): CodeIgniter\CodeIgniter->runController(Object(App\Controllers\User))
#9 C:\xampp\htdocs\asabri\vendor\codeigniter4\framework\system\CodeIgniter.php(318): CodeIgniter\CodeIgniter->handleRequest(NULL, Object(Config\Cache), false)
#10 C:\xampp\htdocs\asabri\public\index.php(37): CodeIgniter\CodeIgniter->run()
#11 C:\xampp\htdocs\asabri\vendor\codeigniter4\framework\system\Commands\Server\rewrite.php(43): require_once('C:\\xampp\\htdocs...')
#12 {main}
ERROR - 2021-11-16 10:18:56 --> Error connecting to the database: Access denied for user ''@'localhost' (using password: NO)
CRITICAL - 2021-11-16 10:18:56 --> Unable to connect to the database.
Main connection [MySQLi]: Access denied for user ''@'localhost' (using password: NO)
#0 C:\xampp\htdocs\asabri\vendor\codeigniter4\framework\system\Database\BaseConnection.php(577): CodeIgniter\Database\BaseConnection->initialize()
#1 C:\xampp\htdocs\asabri\vendor\codeigniter4\framework\system\Database\BaseBuilder.php(1443): CodeIgniter\Database\BaseConnection->query('SELECT 1\nFROM `...', Array, false)
#2 C:\xampp\htdocs\asabri\vendor\codeigniter4\framework\system\Validation\Rules.php(161): CodeIgniter\Database\BaseBuilder->get()
#3 C:\xampp\htdocs\asabri\vendor\codeigniter4\framework\system\Validation\Validation.php(277): CodeIgniter\Validation\Rules->is_unique('dhikanaufal@gma...', 'email', Array, NULL)
#4 C:\xampp\htdocs\asabri\vendor\codeigniter4\framework\system\Validation\Validation.php(151): CodeIgniter\Validation\Validation->processRules('email', 'email', 'dhikanaufal@gma...', Array, Array)
#5 C:\xampp\htdocs\asabri\vendor\codeigniter4\framework\system\Controller.php(160): CodeIgniter\Validation\Validation->run()
#6 C:\xampp\htdocs\asabri\app\Controllers\User.php(37): CodeIgniter\Controller->validate(Array, Array)
#7 C:\xampp\htdocs\asabri\vendor\codeigniter4\framework\system\CodeIgniter.php(824): App\Controllers\User->register()
#8 C:\xampp\htdocs\asabri\vendor\codeigniter4\framework\system\CodeIgniter.php(410): CodeIgniter\CodeIgniter->runController(Object(App\Controllers\User))
#9 C:\xampp\htdocs\asabri\vendor\codeigniter4\framework\system\CodeIgniter.php(318): CodeIgniter\CodeIgniter->handleRequest(NULL, Object(Config\Cache), false)
#10 C:\xampp\htdocs\asabri\public\index.php(37): CodeIgniter\CodeIgniter->run()
#11 C:\xampp\htdocs\asabri\vendor\codeigniter4\framework\system\Commands\Server\rewrite.php(43): require_once('C:\\xampp\\htdocs...')
#12 {main}
ERROR - 2021-11-16 10:19:07 --> Error connecting to the database: Access denied for user ''@'localhost' (using password: NO)
CRITICAL - 2021-11-16 10:19:07 --> Unable to connect to the database.
Main connection [MySQLi]: Access denied for user ''@'localhost' (using password: NO)
#0 C:\xampp\htdocs\asabri\vendor\codeigniter4\framework\system\Database\BaseConnection.php(577): CodeIgniter\Database\BaseConnection->initialize()
#1 C:\xampp\htdocs\asabri\vendor\codeigniter4\framework\system\Database\BaseBuilder.php(1443): CodeIgniter\Database\BaseConnection->query('SELECT 1\nFROM `...', Array, false)
#2 C:\xampp\htdocs\asabri\vendor\codeigniter4\framework\system\Validation\Rules.php(161): CodeIgniter\Database\BaseBuilder->get()
#3 C:\xampp\htdocs\asabri\vendor\codeigniter4\framework\system\Validation\Validation.php(277): CodeIgniter\Validation\Rules->is_unique('dhikanaufal@gma...', 'email', Array, NULL)
#4 C:\xampp\htdocs\asabri\vendor\codeigniter4\framework\system\Validation\Validation.php(151): CodeIgniter\Validation\Validation->processRules('email', 'email', 'dhikanaufal@gma...', Array, Array)
#5 C:\xampp\htdocs\asabri\vendor\codeigniter4\framework\system\Controller.php(160): CodeIgniter\Validation\Validation->run()
#6 C:\xampp\htdocs\asabri\app\Controllers\User.php(37): CodeIgniter\Controller->validate(Array, Array)
#7 C:\xampp\htdocs\asabri\vendor\codeigniter4\framework\system\CodeIgniter.php(824): App\Controllers\User->register()
#8 C:\xampp\htdocs\asabri\vendor\codeigniter4\framework\system\CodeIgniter.php(410): CodeIgniter\CodeIgniter->runController(Object(App\Controllers\User))
#9 C:\xampp\htdocs\asabri\vendor\codeigniter4\framework\system\CodeIgniter.php(318): CodeIgniter\CodeIgniter->handleRequest(NULL, Object(Config\Cache), false)
#10 C:\xampp\htdocs\asabri\public\index.php(37): CodeIgniter\CodeIgniter->run()
#11 C:\xampp\htdocs\asabri\vendor\codeigniter4\framework\system\Commands\Server\rewrite.php(43): require_once('C:\\xampp\\htdocs...')
#12 {main}
ERROR - 2021-11-16 10:19:28 --> Error connecting to the database: Access denied for user ''@'localhost' (using password: NO)
CRITICAL - 2021-11-16 10:19:28 --> Unable to connect to the database.
Main connection [MySQLi]: Access denied for user ''@'localhost' (using password: NO)
#0 C:\xampp\htdocs\asabri\vendor\codeigniter4\framework\system\Database\BaseConnection.php(577): CodeIgniter\Database\BaseConnection->initialize()
#1 C:\xampp\htdocs\asabri\vendor\codeigniter4\framework\system\Database\BaseBuilder.php(1443): CodeIgniter\Database\BaseConnection->query('SELECT 1\nFROM `...', Array, false)
#2 C:\xampp\htdocs\asabri\vendor\codeigniter4\framework\system\Validation\Rules.php(161): CodeIgniter\Database\BaseBuilder->get()
#3 C:\xampp\htdocs\asabri\vendor\codeigniter4\framework\system\Validation\Validation.php(277): CodeIgniter\Validation\Rules->is_unique('dhikanaufal@gma...', 'email', Array, NULL)
#4 C:\xampp\htdocs\asabri\vendor\codeigniter4\framework\system\Validation\Validation.php(151): CodeIgniter\Validation\Validation->processRules('email', 'email', 'dhikanaufal@gma...', Array, Array)
#5 C:\xampp\htdocs\asabri\vendor\codeigniter4\framework\system\Controller.php(160): CodeIgniter\Validation\Validation->run()
#6 C:\xampp\htdocs\asabri\app\Controllers\User.php(37): CodeIgniter\Controller->validate(Array, Array)
#7 C:\xampp\htdocs\asabri\vendor\codeigniter4\framework\system\CodeIgniter.php(824): App\Controllers\User->register()
#8 C:\xampp\htdocs\asabri\vendor\codeigniter4\framework\system\CodeIgniter.php(410): CodeIgniter\CodeIgniter->runController(Object(App\Controllers\User))
#9 C:\xampp\htdocs\asabri\vendor\codeigniter4\framework\system\CodeIgniter.php(318): CodeIgniter\CodeIgniter->handleRequest(NULL, Object(Config\Cache), false)
#10 C:\xampp\htdocs\asabri\public\index.php(37): CodeIgniter\CodeIgniter->run()
#11 C:\xampp\htdocs\asabri\vendor\codeigniter4\framework\system\Commands\Server\rewrite.php(43): require_once('C:\\xampp\\htdocs...')
#12 {main}
ERROR - 2021-11-16 10:20:05 --> Error connecting to the database: Access denied for user ''@'localhost' (using password: NO)
CRITICAL - 2021-11-16 10:20:05 --> Unable to connect to the database.
Main connection [MySQLi]: Access denied for user ''@'localhost' (using password: NO)
#0 C:\xampp\htdocs\asabri\vendor\codeigniter4\framework\system\Database\BaseConnection.php(577): CodeIgniter\Database\BaseConnection->initialize()
#1 C:\xampp\htdocs\asabri\vendor\codeigniter4\framework\system\Database\BaseBuilder.php(1443): CodeIgniter\Database\BaseConnection->query('SELECT 1\nFROM `...', Array, false)
#2 C:\xampp\htdocs\asabri\vendor\codeigniter4\framework\system\Validation\Rules.php(161): CodeIgniter\Database\BaseBuilder->get()
#3 C:\xampp\htdocs\asabri\vendor\codeigniter4\framework\system\Validation\Validation.php(277): CodeIgniter\Validation\Rules->is_unique('dhikanaufal@gma...', 'email', Array, NULL)
#4 C:\xampp\htdocs\asabri\vendor\codeigniter4\framework\system\Validation\Validation.php(151): CodeIgniter\Validation\Validation->processRules('email', 'email', 'dhikanaufal@gma...', Array, Array)
#5 C:\xampp\htdocs\asabri\vendor\codeigniter4\framework\system\Controller.php(160): CodeIgniter\Validation\Validation->run()
#6 C:\xampp\htdocs\asabri\app\Controllers\User.php(37): CodeIgniter\Controller->validate(Array, Array)
#7 C:\xampp\htdocs\asabri\vendor\codeigniter4\framework\system\CodeIgniter.php(824): App\Controllers\User->register()
#8 C:\xampp\htdocs\asabri\vendor\codeigniter4\framework\system\CodeIgniter.php(410): CodeIgniter\CodeIgniter->runController(Object(App\Controllers\User))
#9 C:\xampp\htdocs\asabri\vendor\codeigniter4\framework\system\CodeIgniter.php(318): CodeIgniter\CodeIgniter->handleRequest(NULL, Object(Config\Cache), false)
#10 C:\xampp\htdocs\asabri\public\index.php(37): CodeIgniter\CodeIgniter->run()
#11 C:\xampp\htdocs\asabri\vendor\codeigniter4\framework\system\Commands\Server\rewrite.php(43): require_once('C:\\xampp\\htdocs...')
#12 {main}
ERROR - 2021-11-16 10:20:10 --> Error connecting to the database: Access denied for user ''@'localhost' (using password: NO)
CRITICAL - 2021-11-16 10:20:10 --> Unable to connect to the database.
Main connection [MySQLi]: Access denied for user ''@'localhost' (using password: NO)
#0 C:\xampp\htdocs\asabri\vendor\codeigniter4\framework\system\Database\BaseConnection.php(577): CodeIgniter\Database\BaseConnection->initialize()
#1 C:\xampp\htdocs\asabri\vendor\codeigniter4\framework\system\Database\BaseBuilder.php(1443): CodeIgniter\Database\BaseConnection->query('SELECT 1\nFROM `...', Array, false)
#2 C:\xampp\htdocs\asabri\vendor\codeigniter4\framework\system\Validation\Rules.php(161): CodeIgniter\Database\BaseBuilder->get()
#3 C:\xampp\htdocs\asabri\vendor\codeigniter4\framework\system\Validation\Validation.php(277): CodeIgniter\Validation\Rules->is_unique('dhikanaufal@gma...', 'email', Array, NULL)
#4 C:\xampp\htdocs\asabri\vendor\codeigniter4\framework\system\Validation\Validation.php(151): CodeIgniter\Validation\Validation->processRules('email', 'email', 'dhikanaufal@gma...', Array, Array)
#5 C:\xampp\htdocs\asabri\vendor\codeigniter4\framework\system\Controller.php(160): CodeIgniter\Validation\Validation->run()
#6 C:\xampp\htdocs\asabri\app\Controllers\User.php(37): CodeIgniter\Controller->validate(Array, Array)
#7 C:\xampp\htdocs\asabri\vendor\codeigniter4\framework\system\CodeIgniter.php(824): App\Controllers\User->register()
#8 C:\xampp\htdocs\asabri\vendor\codeigniter4\framework\system\CodeIgniter.php(410): CodeIgniter\CodeIgniter->runController(Object(App\Controllers\User))
#9 C:\xampp\htdocs\asabri\vendor\codeigniter4\framework\system\CodeIgniter.php(318): CodeIgniter\CodeIgniter->handleRequest(NULL, Object(Config\Cache), false)
#10 C:\xampp\htdocs\asabri\public\index.php(37): CodeIgniter\CodeIgniter->run()
#11 C:\xampp\htdocs\asabri\vendor\codeigniter4\framework\system\Commands\Server\rewrite.php(43): require_once('C:\\xampp\\htdocs...')
#12 {main}
ERROR - 2021-11-16 10:21:30 --> Error connecting to the database: Access denied for user ''@'localhost' (using password: NO)
CRITICAL - 2021-11-16 10:21:30 --> Unable to connect to the database.
Main connection [MySQLi]: Access denied for user ''@'localhost' (using password: NO)
#0 C:\xampp\htdocs\asabri\vendor\codeigniter4\framework\system\Database\BaseConnection.php(577): CodeIgniter\Database\BaseConnection->initialize()
#1 C:\xampp\htdocs\asabri\vendor\codeigniter4\framework\system\Database\BaseBuilder.php(1759): CodeIgniter\Database\BaseConnection->query('INSERT INTO `us...', Array, false)
#2 C:\xampp\htdocs\asabri\vendor\codeigniter4\framework\system\Model.php(239): CodeIgniter\Database\BaseBuilder->insert()
#3 C:\xampp\htdocs\asabri\vendor\codeigniter4\framework\system\BaseModel.php(738): CodeIgniter\Model->doInsert(Array)
#4 C:\xampp\htdocs\asabri\vendor\codeigniter4\framework\system\Model.php(620): CodeIgniter\BaseModel->insert(Array, true)
#5 C:\xampp\htdocs\asabri\app\Controllers\User.php(56): CodeIgniter\Model->insert(Array)
#6 C:\xampp\htdocs\asabri\vendor\codeigniter4\framework\system\CodeIgniter.php(824): App\Controllers\User->register()
#7 C:\xampp\htdocs\asabri\vendor\codeigniter4\framework\system\CodeIgniter.php(410): CodeIgniter\CodeIgniter->runController(Object(App\Controllers\User))
#8 C:\xampp\htdocs\asabri\vendor\codeigniter4\framework\system\CodeIgniter.php(318): CodeIgniter\CodeIgniter->handleRequest(NULL, Object(Config\Cache), false)
#9 C:\xampp\htdocs\asabri\public\index.php(37): CodeIgniter\CodeIgniter->run()
#10 C:\xampp\htdocs\asabri\vendor\codeigniter4\framework\system\Commands\Server\rewrite.php(43): require_once('C:\\xampp\\htdocs...')
#11 {main}
ERROR - 2021-11-16 10:21:52 --> Error connecting to the database: Access denied for user ''@'localhost' (using password: NO)
CRITICAL - 2021-11-16 10:21:52 --> Unable to connect to the database.
Main connection [MySQLi]: Access denied for user ''@'localhost' (using password: NO)
#0 C:\xampp\htdocs\asabri\vendor\codeigniter4\framework\system\Database\BaseConnection.php(577): CodeIgniter\Database\BaseConnection->initialize()
#1 C:\xampp\htdocs\asabri\vendor\codeigniter4\framework\system\Database\BaseBuilder.php(1759): CodeIgniter\Database\BaseConnection->query('INSERT INTO `us...', Array, false)
#2 C:\xampp\htdocs\asabri\vendor\codeigniter4\framework\system\Model.php(239): CodeIgniter\Database\BaseBuilder->insert()
#3 C:\xampp\htdocs\asabri\vendor\codeigniter4\framework\system\BaseModel.php(738): CodeIgniter\Model->doInsert(Array)
#4 C:\xampp\htdocs\asabri\vendor\codeigniter4\framework\system\Model.php(620): CodeIgniter\BaseModel->insert(Array, true)
#5 C:\xampp\htdocs\asabri\app\Controllers\User.php(56): CodeIgniter\Model->insert(Array)
#6 C:\xampp\htdocs\asabri\vendor\codeigniter4\framework\system\CodeIgniter.php(824): App\Controllers\User->register()
#7 C:\xampp\htdocs\asabri\vendor\codeigniter4\framework\system\CodeIgniter.php(410): CodeIgniter\CodeIgniter->runController(Object(App\Controllers\User))
#8 C:\xampp\htdocs\asabri\vendor\codeigniter4\framework\system\CodeIgniter.php(318): CodeIgniter\CodeIgniter->handleRequest(NULL, Object(Config\Cache), false)
#9 C:\xampp\htdocs\asabri\public\index.php(37): CodeIgniter\CodeIgniter->run()
#10 C:\xampp\htdocs\asabri\vendor\codeigniter4\framework\system\Commands\Server\rewrite.php(43): require_once('C:\\xampp\\htdocs...')
#11 {main}
ERROR - 2021-11-16 10:22:19 --> Error connecting to the database: Access denied for user ''@'localhost' (using password: NO)
CRITICAL - 2021-11-16 10:22:19 --> Unable to connect to the database.
Main connection [MySQLi]: Access denied for user ''@'localhost' (using password: NO)
#0 C:\xampp\htdocs\asabri\vendor\codeigniter4\framework\system\Database\BaseConnection.php(577): CodeIgniter\Database\BaseConnection->initialize()
#1 C:\xampp\htdocs\asabri\vendor\codeigniter4\framework\system\Database\BaseBuilder.php(1443): CodeIgniter\Database\BaseConnection->query('SELECT 1\nFROM `...', Array, false)
#2 C:\xampp\htdocs\asabri\vendor\codeigniter4\framework\system\Validation\Rules.php(161): CodeIgniter\Database\BaseBuilder->get()
#3 C:\xampp\htdocs\asabri\vendor\codeigniter4\framework\system\Validation\Validation.php(277): CodeIgniter\Validation\Rules->is_unique('dhikanaufal@gma...', 'email', Array, NULL)
#4 C:\xampp\htdocs\asabri\vendor\codeigniter4\framework\system\Validation\Validation.php(151): CodeIgniter\Validation\Validation->processRules('email', 'email', 'dhikanaufal@gma...', Array, Array)
#5 C:\xampp\htdocs\asabri\vendor\codeigniter4\framework\system\Controller.php(160): CodeIgniter\Validation\Validation->run()
#6 C:\xampp\htdocs\asabri\app\Controllers\User.php(37): CodeIgniter\Controller->validate(Array, Array)
#7 C:\xampp\htdocs\asabri\vendor\codeigniter4\framework\system\CodeIgniter.php(824): App\Controllers\User->register()
#8 C:\xampp\htdocs\asabri\vendor\codeigniter4\framework\system\CodeIgniter.php(410): CodeIgniter\CodeIgniter->runController(Object(App\Controllers\User))
#9 C:\xampp\htdocs\asabri\vendor\codeigniter4\framework\system\CodeIgniter.php(318): CodeIgniter\CodeIgniter->handleRequest(NULL, Object(Config\Cache), false)
#10 C:\xampp\htdocs\asabri\public\index.php(37): CodeIgniter\CodeIgniter->run()
#11 C:\xampp\htdocs\asabri\vendor\codeigniter4\framework\system\Commands\Server\rewrite.php(43): require_once('C:\\xampp\\htdocs...')
#12 {main}
ERROR - 2021-11-16 10:22:37 --> Error connecting to the database: Access denied for user ''@'localhost' (using password: NO)
CRITICAL - 2021-11-16 10:22:37 --> Unable to connect to the database.
Main connection [MySQLi]: Access denied for user ''@'localhost' (using password: NO)
#0 C:\xampp\htdocs\asabri\vendor\codeigniter4\framework\system\Database\BaseConnection.php(577): CodeIgniter\Database\BaseConnection->initialize()
#1 C:\xampp\htdocs\asabri\vendor\codeigniter4\framework\system\Database\BaseBuilder.php(1759): CodeIgniter\Database\BaseConnection->query('INSERT INTO `us...', Array, false)
#2 C:\xampp\htdocs\asabri\vendor\codeigniter4\framework\system\Model.php(239): CodeIgniter\Database\BaseBuilder->insert()
#3 C:\xampp\htdocs\asabri\vendor\codeigniter4\framework\system\BaseModel.php(738): CodeIgniter\Model->doInsert(Array)
#4 C:\xampp\htdocs\asabri\vendor\codeigniter4\framework\system\Model.php(620): CodeIgniter\BaseModel->insert(Array, true)
#5 C:\xampp\htdocs\asabri\app\Controllers\User.php(56): CodeIgniter\Model->insert(Array)
#6 C:\xampp\htdocs\asabri\vendor\codeigniter4\framework\system\CodeIgniter.php(824): App\Controllers\User->register()
#7 C:\xampp\htdocs\asabri\vendor\codeigniter4\framework\system\CodeIgniter.php(410): CodeIgniter\CodeIgniter->runController(Object(App\Controllers\User))
#8 C:\xampp\htdocs\asabri\vendor\codeigniter4\framework\system\CodeIgniter.php(318): CodeIgniter\CodeIgniter->handleRequest(NULL, Object(Config\Cache), false)
#9 C:\xampp\htdocs\asabri\public\index.php(37): CodeIgniter\CodeIgniter->run()
#10 C:\xampp\htdocs\asabri\vendor\codeigniter4\framework\system\Commands\Server\rewrite.php(43): require_once('C:\\xampp\\htdocs...')
#11 {main}
ERROR - 2021-11-16 10:22:42 --> Error connecting to the database: Access denied for user ''@'localhost' (using password: NO)
CRITICAL - 2021-11-16 10:22:42 --> Unable to connect to the database.
Main connection [MySQLi]: Access denied for user ''@'localhost' (using password: NO)
#0 C:\xampp\htdocs\asabri\vendor\codeigniter4\framework\system\Database\BaseConnection.php(577): CodeIgniter\Database\BaseConnection->initialize()
#1 C:\xampp\htdocs\asabri\vendor\codeigniter4\framework\system\Database\BaseBuilder.php(1759): CodeIgniter\Database\BaseConnection->query('INSERT INTO `us...', Array, false)
#2 C:\xampp\htdocs\asabri\vendor\codeigniter4\framework\system\Model.php(239): CodeIgniter\Database\BaseBuilder->insert()
#3 C:\xampp\htdocs\asabri\vendor\codeigniter4\framework\system\BaseModel.php(738): CodeIgniter\Model->doInsert(Array)
#4 C:\xampp\htdocs\asabri\vendor\codeigniter4\framework\system\Model.php(620): CodeIgniter\BaseModel->insert(Array, true)
#5 C:\xampp\htdocs\asabri\app\Controllers\User.php(56): CodeIgniter\Model->insert(Array)
#6 C:\xampp\htdocs\asabri\vendor\codeigniter4\framework\system\CodeIgniter.php(824): App\Controllers\User->register()
#7 C:\xampp\htdocs\asabri\vendor\codeigniter4\framework\system\CodeIgniter.php(410): CodeIgniter\CodeIgniter->runController(Object(App\Controllers\User))
#8 C:\xampp\htdocs\asabri\vendor\codeigniter4\framework\system\CodeIgniter.php(318): CodeIgniter\CodeIgniter->handleRequest(NULL, Object(Config\Cache), false)
#9 C:\xampp\htdocs\asabri\public\index.php(37): CodeIgniter\CodeIgniter->run()
#10 C:\xampp\htdocs\asabri\vendor\codeigniter4\framework\system\Commands\Server\rewrite.php(43): require_once('C:\\xampp\\htdocs...')
#11 {main}
CRITICAL - 2021-11-16 10:50:16 --> Call to undefined method App\Controllers\Produk::getKey()
#0 C:\xampp\htdocs\asabri\vendor\codeigniter4\framework\system\CodeIgniter.php(824): App\Controllers\Produk->create()
#1 C:\xampp\htdocs\asabri\vendor\codeigniter4\framework\system\CodeIgniter.php(410): CodeIgniter\CodeIgniter->runController(Object(App\Controllers\Produk))
#2 C:\xampp\htdocs\asabri\vendor\codeigniter4\framework\system\CodeIgniter.php(318): CodeIgniter\CodeIgniter->handleRequest(NULL, Object(Config\Cache), false)
#3 C:\xampp\htdocs\asabri\public\index.php(37): CodeIgniter\CodeIgniter->run()
#4 C:\xampp\htdocs\asabri\vendor\codeigniter4\framework\system\Commands\Server\rewrite.php(43): require_once('C:\\xampp\\htdocs...')
#5 {main}
CRITICAL - 2021-11-16 10:51:03 --> Call to undefined function App\Controllers\NOW()
#0 C:\xampp\htdocs\asabri\vendor\codeigniter4\framework\system\CodeIgniter.php(824): App\Controllers\Produk->create()
#1 C:\xampp\htdocs\asabri\vendor\codeigniter4\framework\system\CodeIgniter.php(410): CodeIgniter\CodeIgniter->runController(Object(App\Controllers\Produk))
#2 C:\xampp\htdocs\asabri\vendor\codeigniter4\framework\system\CodeIgniter.php(318): CodeIgniter\CodeIgniter->handleRequest(NULL, Object(Config\Cache), false)
#3 C:\xampp\htdocs\asabri\public\index.php(37): CodeIgniter\CodeIgniter->run()
#4 C:\xampp\htdocs\asabri\vendor\codeigniter4\framework\system\Commands\Server\rewrite.php(43): require_once('C:\\xampp\\htdocs...')
#5 {main}
CRITICAL - 2021-11-16 10:54:15 --> syntax error, unexpected ';'
#0 C:\xampp\htdocs\asabri\vendor\codeigniter4\framework\system\Autoloader\Autoloader.php(241): CodeIgniter\Autoloader\Autoloader->includeFile('C:\\xampp\\htdocs...')
#1 C:\xampp\htdocs\asabri\vendor\codeigniter4\framework\system\Autoloader\Autoloader.php(219): CodeIgniter\Autoloader\Autoloader->loadInNamespace('App\\Controllers...')
#2 [internal function]: CodeIgniter\Autoloader\Autoloader->loadClass('App\\Controllers...')
#3 [internal function]: spl_autoload_call('App\\Controllers...')
#4 C:\xampp\htdocs\asabri\vendor\codeigniter4\framework\system\CodeIgniter.php(789): class_exists('\\App\\Controller...', true)
#5 C:\xampp\htdocs\asabri\vendor\codeigniter4\framework\system\CodeIgniter.php(397): CodeIgniter\CodeIgniter->startController()
#6 C:\xampp\htdocs\asabri\vendor\codeigniter4\framework\system\CodeIgniter.php(318): CodeIgniter\CodeIgniter->handleRequest(NULL, Object(Config\Cache), false)
#7 C:\xampp\htdocs\asabri\public\index.php(37): CodeIgniter\CodeIgniter->run()
#8 C:\xampp\htdocs\asabri\vendor\codeigniter4\framework\system\Commands\Server\rewrite.php(43): require_once('C:\\xampp\\htdocs...')
#9 {main}
